exports[`test Pending 1`] = `
<span>
  90.0 kB of 100.0 kB (90%)
</span>
`;
